// Jest Snapshot v1, https://goo.gl/fbAQLP

exports[`Should render Expenselist with 1`] = `
<div>
  <ExpenseListItem
    amount={195}
    createdAt={0}
    description="Gum"
    id="1"
    key="1"
    note=""
  />
  <ExpenseListItem
    amount={10950}
    createdAt={-345600000}
    description="Rent"
    id="2"
    key="2"
    note=""
  />
  <ExpenseListItem
    amount={4500}
    createdAt={345600000}
    description="Credit Card"
    id="3"
    key="3"
    note=""
  />
</div>
`;

exports[`Should render Expenselist with 2`] = `
<div>
  <p>
    No Expenses
  </p>
</div>
`;
