// Jest Snapshot v1, https://goo.gl/fbAQLP

exports[`Should render header correctly 1`] = `
<header>
  <h1>
    Expensify apps
  </h1>
  <NavLink
    activeClassName="isActive"
    exact={true}
    to="/"
  >
    Dashboard
  </NavLink>
  <NavLink
    activeClassName="isActive"
    to="/create"
  >
    Create Expense
  </NavLink>
  <NavLink
    activeClassName="isActive"
    to="/edit"
  >
    Edit Expense
  </NavLink>
  <NavLink
    activeClassName="isActive"
    to="/help"
  >
    Help
  </NavLink>
</header>
`;
